> Task :app:preBuild UP-TO-DATE
> Task :app:preStandardDebugBuild UP-TO-DATE
> Task :app:dataBindingMergeDependencyArtifactsStandardDebug
> Task :app:generateStandardDebugResources
> Task :media-lib-common:preBuild UP-TO-DATE
> Task :media-lib-common:preDebugBuild UP-TO-DATE
> Task :media-lib-common:generateDebugResources UP-TO-DATE
> Task :media-lib-common:packageDebugResources UP-TO-DATE
> Task :media-lib-container:preBuild UP-TO-DATE
> Task :media-lib-container:preDebugBuild UP-TO-DATE
> Task :media-lib-container:generateDebugResources UP-TO-DATE
> Task :media-lib-container:packageDebugResources UP-TO-DATE
> Task :media-lib-database:preBuild UP-TO-DATE
> Task :media-lib-database:preDebugBuild UP-TO-DATE
> Task :media-lib-database:generateDebugResources UP-TO-DATE
> Task :media-lib-database:packageDebugResources UP-TO-DATE
> Task :media-lib-datasource:preBuild UP-TO-DATE
> Task :media-lib-datasource:preDebugBuild UP-TO-DATE
> Task :media-lib-datasource:generateDebugResources UP-TO-DATE
> Task :media-lib-datasource:packageDebugResources UP-TO-DATE
> Task :media-lib-decoder:preBuild UP-TO-DATE
> Task :media-lib-decoder:preDebugBuild UP-TO-DATE
> Task :media-lib-decoder:generateDebugResources UP-TO-DATE
> Task :media-lib-decoder:packageDebugResources UP-TO-DATE
> Task :media-lib-decoder-ffmpeg:assembleFfmpeg
> Task :media-lib-decoder-ffmpeg:preBuild UP-TO-DATE
> Task :media-lib-decoder-ffmpeg:preDebugBuild
> Task :media-lib-decoder-ffmpeg:generateDebugResources UP-TO-DATE
> Task :media-lib-decoder-ffmpeg:packageDebugResources UP-TO-DATE
> Task :media-lib-exoplayer:preBuild UP-TO-DATE
> Task :media-lib-exoplayer:preDebugBuild UP-TO-DATE
> Task :media-lib-exoplayer:generateDebugResources UP-TO-DATE
> Task :media-lib-exoplayer:packageDebugResources UP-TO-DATE
> Task :media-lib-extractor:preBuild UP-TO-DATE
> Task :media-lib-extractor:preDebugBuild UP-TO-DATE
> Task :media-lib-extractor:generateDebugResources UP-TO-DATE
> Task :media-lib-extractor:packageDebugResources UP-TO-DATE
> Task :musikr:assembleTaglib
> Task :musikr:preBuild UP-TO-DATE
> Task :musikr:preDebugBuild
> Task :musikr:generateDebugResources UP-TO-DATE
> Task :musikr:packageDebugResources UP-TO-DATE
> Task :app:packageStandardDebugResources
> Task :media-lib-common:processDebugNavigationResources UP-TO-DATE
> Task :media-lib-container:processDebugNavigationResources UP-TO-DATE
> Task :media-lib-database:processDebugNavigationResources UP-TO-DATE
> Task :media-lib-datasource:processDebugNavigationResources UP-TO-DATE
> Task :media-lib-decoder:processDebugNavigationResources UP-TO-DATE
> Task :media-lib-decoder-ffmpeg:processDebugNavigationResources UP-TO-DATE
> Task :media-lib-exoplayer:processDebugNavigationResources UP-TO-DATE
> Task :media-lib-extractor:processDebugNavigationResources UP-TO-DATE
> Task :musikr:processDebugNavigationResources UP-TO-DATE
> Task :app:processStandardDebugNavigationResources
> Task :app:mergeStandardDebugResources
> Task :media-lib-common:parseDebugLocalResources UP-TO-DATE
> Task :media-lib-common:generateDebugRFile UP-TO-DATE
> Task :app:parseStandardDebugLocalResources
> Task :media-lib-container:parseDebugLocalResources UP-TO-DATE
> Task :media-lib-container:generateDebugRFile UP-TO-DATE
> Task :media-lib-database:parseDebugLocalResources UP-TO-DATE
> Task :media-lib-database:generateDebugRFile UP-TO-DATE
> Task :media-lib-datasource:parseDebugLocalResources UP-TO-DATE
> Task :media-lib-datasource:generateDebugRFile UP-TO-DATE
> Task :media-lib-decoder:parseDebugLocalResources UP-TO-DATE
> Task :media-lib-decoder:generateDebugRFile UP-TO-DATE
> Task :media-lib-decoder-ffmpeg:parseDebugLocalResources UP-TO-DATE
> Task :media-lib-decoder-ffmpeg:generateDebugRFile UP-TO-DATE
> Task :media-lib-exoplayer:parseDebugLocalResources UP-TO-DATE
> Task :media-lib-exoplayer:generateDebugRFile UP-TO-DATE
> Task :media-lib-extractor:parseDebugLocalResources UP-TO-DATE
> Task :media-lib-extractor:generateDebugRFile UP-TO-DATE
> Task :musikr:parseDebugLocalResources UP-TO-DATE
> Task :musikr:generateDebugRFile UP-TO-DATE
> Task :app:dataBindingGenBaseClassesStandardDebug
> Task :app:generateSafeArgsStandardDebug
> Task :app:generateStandardDebugBuildConfig
> Task :media-lib-common:compileDebugKotlin NO-SOURCE
> Task :media-lib-common:javaPreCompileDebug UP-TO-DATE
> Task :app:generateStandardDebugRFile
> Task :media-lib-common:compileDebugJavaWithJavac UP-TO-DATE
> Task :media-lib-common:bundleLibCompileToJarDebug UP-TO-DATE
> Task :media-lib-container:compileDebugKotlin NO-SOURCE
> Task :media-lib-container:javaPreCompileDebug UP-TO-DATE
> Task :media-lib-container:compileDebugJavaWithJavac UP-TO-DATE
> Task :media-lib-container:bundleLibCompileToJarDebug UP-TO-DATE
> Task :media-lib-database:compileDebugKotlin NO-SOURCE
> Task :media-lib-database:javaPreCompileDebug UP-TO-DATE
> Task :media-lib-database:compileDebugJavaWithJavac UP-TO-DATE
> Task :media-lib-database:bundleLibCompileToJarDebug UP-TO-DATE
> Task :media-lib-datasource:compileDebugKotlin NO-SOURCE
> Task :media-lib-datasource:javaPreCompileDebug UP-TO-DATE
> Task :media-lib-datasource:compileDebugJavaWithJavac UP-TO-DATE
> Task :media-lib-datasource:bundleLibCompileToJarDebug UP-TO-DATE
> Task :media-lib-decoder:compileDebugKotlin NO-SOURCE
> Task :media-lib-decoder:javaPreCompileDebug UP-TO-DATE
> Task :media-lib-decoder:compileDebugJavaWithJavac UP-TO-DATE
> Task :media-lib-decoder:bundleLibCompileToJarDebug UP-TO-DATE
> Task :media-lib-extractor:compileDebugKotlin NO-SOURCE
> Task :media-lib-extractor:javaPreCompileDebug UP-TO-DATE
> Task :media-lib-extractor:compileDebugJavaWithJavac UP-TO-DATE
> Task :media-lib-extractor:bundleLibCompileToJarDebug UP-TO-DATE
> Task :media-lib-exoplayer:compileDebugKotlin NO-SOURCE
> Task :media-lib-exoplayer:javaPreCompileDebug UP-TO-DATE
> Task :media-lib-exoplayer:compileDebugJavaWithJavac UP-TO-DATE
> Task :media-lib-exoplayer:bundleLibCompileToJarDebug UP-TO-DATE
> Task :media-lib-decoder-ffmpeg:compileDebugKotlin NO-SOURCE
> Task :media-lib-decoder-ffmpeg:javaPreCompileDebug UP-TO-DATE
> Task :media-lib-decoder-ffmpeg:compileDebugJavaWithJavac UP-TO-DATE
> Task :media-lib-decoder-ffmpeg:bundleLibCompileToJarDebug UP-TO-DATE
> Task :musikr:generateDebugBuildConfig UP-TO-DATE
> Task :musikr:kspDebugKotlin UP-TO-DATE
> Task :musikr:compileDebugKotlin UP-TO-DATE
> Task :musikr:javaPreCompileDebug UP-TO-DATE
> Task :musikr:compileDebugJavaWithJavac UP-TO-DATE
> Task :musikr:bundleLibCompileToJarDebug UP-TO-DATE
> Task :app:javaPreCompileStandardDebug
> Task :musikr:bundleLibRuntimeToJarDebug UP-TO-DATE
> Task :media-lib-decoder-ffmpeg:bundleLibRuntimeToJarDebug UP-TO-DATE
> Task :media-lib-extractor:bundleLibRuntimeToJarDebug UP-TO-DATE
> Task :media-lib-container:bundleLibRuntimeToJarDebug UP-TO-DATE
> Task :media-lib-datasource:bundleLibRuntimeToJarDebug UP-TO-DATE
> Task :media-lib-decoder:bundleLibRuntimeToJarDebug UP-TO-DATE
> Task :media-lib-database:bundleLibRuntimeToJarDebug UP-TO-DATE
> Task :media-lib-common:bundleLibRuntimeToJarDebug UP-TO-DATE
> Task :media-lib-exoplayer:bundleLibRuntimeToJarDebug UP-TO-DATE
> Task :media-lib-common:writeDebugAarMetadata UP-TO-DATE
> Task :media-lib-container:writeDebugAarMetadata UP-TO-DATE
> Task :media-lib-database:writeDebugAarMetadata UP-TO-DATE
> Task :media-lib-datasource:writeDebugAarMetadata UP-TO-DATE
> Task :media-lib-decoder:writeDebugAarMetadata UP-TO-DATE
> Task :media-lib-decoder-ffmpeg:writeDebugAarMetadata UP-TO-DATE
> Task :media-lib-exoplayer:writeDebugAarMetadata UP-TO-DATE
> Task :media-lib-extractor:writeDebugAarMetadata UP-TO-DATE
> Task :musikr:writeDebugAarMetadata UP-TO-DATE
> Task :app:checkStandardDebugAarMetadata
> Task :app:mapStandardDebugSourceSetPaths
> Task :app:compileStandardDebugNavigationResources
> Task :app:createStandardDebugCompatibleScreenManifests
> Task :app:extractDeepLinksStandardDebug
> Task :media-lib-common:extractDeepLinksDebug UP-TO-DATE
> Task :media-lib-common:processDebugManifest UP-TO-DATE
> Task :media-lib-container:extractDeepLinksDebug UP-TO-DATE
> Task :media-lib-container:processDebugManifest UP-TO-DATE
> Task :media-lib-database:extractDeepLinksDebug UP-TO-DATE
> Task :media-lib-database:processDebugManifest UP-TO-DATE
> Task :media-lib-datasource:extractDeepLinksDebug UP-TO-DATE
> Task :media-lib-datasource:processDebugManifest UP-TO-DATE
> Task :media-lib-decoder:extractDeepLinksDebug UP-TO-DATE
> Task :media-lib-decoder:processDebugManifest UP-TO-DATE
> Task :media-lib-decoder-ffmpeg:extractDeepLinksDebug UP-TO-DATE
> Task :media-lib-decoder-ffmpeg:processDebugManifest UP-TO-DATE
> Task :media-lib-exoplayer:extractDeepLinksDebug UP-TO-DATE
> Task :media-lib-exoplayer:processDebugManifest UP-TO-DATE
> Task :media-lib-extractor:extractDeepLinksDebug UP-TO-DATE
> Task :media-lib-extractor:processDebugManifest UP-TO-DATE
> Task :musikr:extractDeepLinksDebug UP-TO-DATE
> Task :musikr:processDebugManifest UP-TO-DATE
> Task :app:processStandardDebugMainManifest
> Task :app:processStandardDebugManifest
> Task :app:processStandardDebugManifestForPackage
> Task :media-lib-common:mapDebugSourceSetPaths UP-TO-DATE
> Task :media-lib-common:compileDebugLibraryResources UP-TO-DATE
> Task :media-lib-container:mapDebugSourceSetPaths UP-TO-DATE
> Task :media-lib-container:compileDebugLibraryResources UP-TO-DATE
> Task :media-lib-database:mapDebugSourceSetPaths UP-TO-DATE
> Task :media-lib-database:compileDebugLibraryResources UP-TO-DATE
> Task :media-lib-datasource:mapDebugSourceSetPaths UP-TO-DATE
> Task :media-lib-datasource:compileDebugLibraryResources UP-TO-DATE
> Task :media-lib-decoder:mapDebugSourceSetPaths UP-TO-DATE
> Task :media-lib-decoder:compileDebugLibraryResources UP-TO-DATE
> Task :media-lib-decoder-ffmpeg:mapDebugSourceSetPaths UP-TO-DATE
> Task :media-lib-decoder-ffmpeg:compileDebugLibraryResources UP-TO-DATE
> Task :media-lib-exoplayer:mapDebugSourceSetPaths UP-TO-DATE
> Task :media-lib-exoplayer:compileDebugLibraryResources UP-TO-DATE
> Task :media-lib-extractor:mapDebugSourceSetPaths UP-TO-DATE
> Task :media-lib-extractor:compileDebugLibraryResources UP-TO-DATE
> Task :musikr:mapDebugSourceSetPaths UP-TO-DATE
> Task :musikr:compileDebugLibraryResources UP-TO-DATE
> Task :app:processStandardDebugResources
> Task :app:generateStandardDebugAssets UP-TO-DATE
> Task :media-lib-common:generateDebugAssets UP-TO-DATE
> Task :media-lib-common:mergeDebugAssets UP-TO-DATE
> Task :media-lib-container:generateDebugAssets UP-TO-DATE
> Task :media-lib-container:mergeDebugAssets UP-TO-DATE
> Task :media-lib-database:generateDebugAssets UP-TO-DATE
> Task :media-lib-database:mergeDebugAssets UP-TO-DATE
> Task :media-lib-datasource:generateDebugAssets UP-TO-DATE
> Task :media-lib-datasource:mergeDebugAssets UP-TO-DATE
> Task :media-lib-decoder:generateDebugAssets UP-TO-DATE
> Task :media-lib-decoder:mergeDebugAssets UP-TO-DATE
> Task :media-lib-decoder-ffmpeg:generateDebugAssets UP-TO-DATE
> Task :media-lib-decoder-ffmpeg:mergeDebugAssets UP-TO-DATE
> Task :media-lib-exoplayer:generateDebugAssets UP-TO-DATE
> Task :media-lib-exoplayer:mergeDebugAssets UP-TO-DATE
> Task :media-lib-extractor:generateDebugAssets UP-TO-DATE
> Task :media-lib-extractor:mergeDebugAssets UP-TO-DATE
> Task :musikr:generateDebugAssets UP-TO-DATE
> Task :musikr:mergeDebugAssets UP-TO-DATE
> Task :app:mergeStandardDebugAssets
> Task :app:preStandardDebugUnitTestBuild UP-TO-DATE
> Task :app:packageStandardDebugUnitTestForUnitTest

> Task :app:processStandardDebugUnitTestManifest
/app/app/src/main/AndroidManifest.xml:23:5-25:31 Warning:
	uses-permission#android.permission.ACCESS_NETWORK_STATE was tagged at AndroidManifest.xml:23 to remove other declarations but no other declaration present

> Task :app:generateStandardDebugUnitTestConfig
> Task :app:javaPreCompileStandardDebugUnitTest
> Task :media-lib-common:processDebugJavaRes NO-SOURCE
> Task :media-lib-container:processDebugJavaRes NO-SOURCE
> Task :media-lib-database:processDebugJavaRes NO-SOURCE
> Task :media-lib-datasource:processDebugJavaRes NO-SOURCE
> Task :media-lib-decoder:processDebugJavaRes NO-SOURCE
> Task :media-lib-decoder-ffmpeg:processDebugJavaRes NO-SOURCE
> Task :media-lib-exoplayer:processDebugJavaRes NO-SOURCE
> Task :media-lib-extractor:processDebugJavaRes NO-SOURCE
> Task :musikr:processDebugJavaRes UP-TO-DATE

> Task :app:kspStandardDebugKotlin
e: [ksp] java.io.FileNotFoundException: /app/app/build/generated/ksp/standardDebug/java/org/oxycblt/auxio/playback/queue/QueueViewModel_HiltModules.java (No such file or directory)

> Task :app:kspStandardDebugKotlin FAILED

[Incubating] Problems report is available at: file:///app/build/reports/problems/problems-report.html

FAILURE: Build failed with an exception.

* What went wrong:
Execution failed for task ':app:kspStandardDebugKotlin' (registered by plugin 'com.android.internal.application').
> A failure occurred while executing com.google.devtools.ksp.gradle.KspAAWorkerAction
   > /app/app/build/generated/ksp/standardDebug/java/org/oxycblt/auxio/playback/queue/QueueViewModel_HiltModules.java (No such file or directory)

* Try:
> Run with --stacktrace option to get the stack trace.
> Run with --info or --debug option to get more log output.
> Run with --scan to get full insights from a Build Scan (powered by Develocity).
> Get more help at https://help.gradle.org.

Deprecated Gradle features were used in this build, making it incompatible with Gradle 10.

You can use '--warning-mode all' to show the individual deprecation warnings and determine if they come from your own scripts or plugins.

For more on this, please refer to https://docs.gradle.org/9.5.1/userguide/command_line_interface.html#sec:command_line_warnings in the Gradle documentation.

BUILD FAILED in 35s
167 actionable tasks: 28 executed, 139 up-to-date
